This is pdfTeX, Version 3.141592653-2.6-1.40.28 (MiKTeX 25.12) (preloaded format=pdflatex 2026.7.23)  7 AUG 2026 09:25
entering extended mode
 restricted \write18 enabled.
 %&-line parsing enabled.
**./paper/main.tex
(paper/main.tex
LaTeX2e <2025-11-01>
L3 programming layer <2025-12-24>
(C:\Users\HUAWEI\AppData\Local\Programs\MiKTeX\tex/latex/base\article.cls
Document Class: article 2025/01/22 v1.4n Standard LaTeX document class
(C:\Users\HUAWEI\AppData\Local\Programs\MiKTeX\tex/latex/base\size12.clo
File: size12.clo 2025/01/22 v1.4n Standard LaTeX file (size option)
)
\c@part=\count275
\c@section=\count276
\c@subsection=\count277
\c@subsubsection=\count278
\c@paragraph=\count279
\c@subparagraph=\count280
\c@figure=\count281
\c@table=\count282
\abovecaptionskip=\skip49
\belowcaptionskip=\skip50
\bibindent=\dimen148
)
(C:\Users\HUAWEI\AppData\Local\Programs\MiKTeX\tex/latex/ctex\ctex.sty

LaTeX Warning: You have requested release `2026/06/01' of LaTeX,
               but only release `2025-11-01' is available.

(C:\Users\HUAWEI\AppData\Local\Programs\MiKTeX\tex/latex/l3kernel\expl3.sty
Package: expl3 2025-12-24 L3 programming layer (loader) 

(C:\Users\HUAWEI\AppData\Local\Programs\MiKTeX\tex/latex/l3backend\l3backend-pd
ftex.def
File: l3backend-pdftex.def 2025-10-09 L3 backend support: PDF output (pdfTeX)
\l__color_backend_stack_int=\count283
))
Package: ctex 2026/07/01 v2.6.1 Chinese adapter in LaTeX (CTEX)

(C:\Users\HUAWEI\AppData\Local\Programs\MiKTeX\tex/latex/ctex\ctexhook.sty

LaTeX Warning: You have requested release `2026/06/01' of LaTeX,
               but only release `2025-11-01' is available.

Package: ctexhook 2026/07/01 v2.6.1 Document and package hooks (CTEX)
) (C:\Users\HUAWEI\AppData\Local\Programs\MiKTeX\tex/latex/ctex\ctexpatch.sty

LaTeX Warning: You have requested release `2026/06/01' of LaTeX,
               but only release `2025-11-01' is available.

Package: ctexpatch 2026/07/01 v2.6.1 Patching commands (CTEX)
) (C:\Users\HUAWEI\AppData\Local\Programs\MiKTeX\tex/latex/base\fix-cm.sty
Package: fix-cm 2020/11/24 v1.1t fixes to LaTeX

(C:\Users\HUAWEI\AppData\Local\Programs\MiKTeX\tex/latex/base\ts1enc.def
File: ts1enc.def 2001/06/05 v3.0e (jk/car/fm) Standard LaTeX file
LaTeX Font Info:    Redeclaring font encoding TS1 on input line 47.
LaTeX Encoding Info:    Redeclaring text command \capitalcedilla (encoding TS1)
 on input line 49.
LaTeX Encoding Info:    Redeclaring text command \capitalogonek (encoding TS1) 
on input line 52.
LaTeX Encoding Info:    Redeclaring text command \capitalgrave (encoding TS1) o
n input line 55.
LaTeX Encoding Info:    Redeclaring text command \capitalacute (encoding TS1) o
n input line 56.
LaTeX Encoding Info:    Redeclaring text command \capitalcircumflex (encoding T
S1) on input line 57.
LaTeX Encoding Info:    Redeclaring text command \capitaltilde (encoding TS1) o
n input line 58.
LaTeX Encoding Info:    Redeclaring text command \capitaldieresis (encoding TS1
) on input line 59.
LaTeX Encoding Info:    Redeclaring text command \capitalhungarumlaut (encoding
 TS1) on input line 60.
LaTeX Encoding Info:    Redeclaring text command \capitalring (encoding TS1) on
 input line 61.
LaTeX Encoding Info:    Redeclaring text command \capitalcaron (encoding TS1) o
n input line 62.
LaTeX Encoding Info:    Redeclaring text command \capitalbreve (encoding TS1) o
n input line 63.
LaTeX Encoding Info:    Redeclaring text command \capitalmacron (encoding TS1) 
on input line 64.
LaTeX Encoding Info:    Redeclaring text command \capitaldotaccent (encoding TS
1) on input line 65.
LaTeX Encoding Info:    Redeclaring text command \t (encoding TS1) on input lin
e 66.
LaTeX Encoding Info:    Redeclaring text command \capitaltie (encoding TS1) on 
input line 67.
LaTeX Encoding Info:    Redeclaring text command \newtie (encoding TS1) on inpu
t line 68.
LaTeX Encoding Info:    Redeclaring text command \capitalnewtie (encoding TS1) 
on input line 69.
LaTeX Encoding Info:    Redeclaring text symbol \textcapitalcompwordmark (encod
ing TS1) on input line 70.
LaTeX Encoding Info:    Redeclaring text symbol \textascendercompwordmark (enco
ding TS1) on input line 71.
LaTeX Encoding Info:    Redeclaring text symbol \textquotestraightbase (encodin
g TS1) on input line 72.
LaTeX Encoding Info:    Redeclaring text symbol \textquotestraightdblbase (enco
ding TS1) on input line 73.
LaTeX Encoding Info:    Redeclaring text symbol \texttwelveudash (encoding TS1)
 on input line 74.
LaTeX Encoding Info:    Redeclaring text symbol \textthreequartersemdash (encod
ing TS1) on input line 75.
LaTeX Encoding Info:    Redeclaring text symbol \textleftarrow (encoding TS1) o
n input line 76.
LaTeX Encoding Info:    Redeclaring text symbol \textrightarrow (encoding TS1) 
on input line 77.
LaTeX Encoding Info:    Redeclaring text symbol \textblank (encoding TS1) on in
put line 78.
LaTeX Encoding Info:    Redeclaring text symbol \textdollar (encoding TS1) on i
nput line 79.
LaTeX Encoding Info:    Redeclaring text symbol \textquotesingle (encoding TS1)
 on input line 80.
LaTeX Encoding Info:    Redeclaring text command \textasteriskcentered (encodin
g TS1) on input line 81.
LaTeX Encoding Info:    Redeclaring text symbol \textdblhyphen (encoding TS1) o
n input line 92.
LaTeX Encoding Info:    Redeclaring text symbol \textfractionsolidus (encoding 
TS1) on input line 93.
LaTeX Encoding Info:    Redeclaring text symbol \textzerooldstyle (encoding TS1
) on input line 94.
LaTeX Encoding Info:    Redeclaring text symbol \textoneoldstyle (encoding TS1)
 on input line 95.
LaTeX Encoding Info:    Redeclaring text symbol \texttwooldstyle (encoding TS1)
 on input line 96.
LaTeX Encoding Info:    Redeclaring text symbol \textthreeoldstyle (encoding TS
1) on input line 97.
LaTeX Encoding Info:    Redeclaring text symbol \textfouroldstyle (encoding TS1
) on input line 98.
LaTeX Encoding Info:    Redeclaring text symbol \textfiveoldstyle (encoding TS1
) on input line 99.
LaTeX Encoding Info:    Redeclaring text symbol \textsixoldstyle (encoding TS1)
 on input line 100.
LaTeX Encoding Info:    Redeclaring text symbol \textsevenoldstyle (encoding TS
1) on input line 101.
LaTeX Encoding Info:    Redeclaring text symbol \texteightoldstyle (encoding TS
1) on input line 102.
LaTeX Encoding Info:    Redeclaring text symbol \textnineoldstyle (encoding TS1
) on input line 103.
LaTeX Encoding Info:    Redeclaring text symbol \textlangle (encoding TS1) on i
nput line 104.
LaTeX Encoding Info:    Redeclaring text symbol \textminus (encoding TS1) on in
put line 105.
LaTeX Encoding Info:    Redeclaring text symbol \textrangle (encoding TS1) on i
nput line 106.
LaTeX Encoding Info:    Redeclaring text symbol \textmho (encoding TS1) on inpu
t line 107.
LaTeX Encoding Info:    Redeclaring text symbol \textbigcircle (encoding TS1) o
n input line 108.
LaTeX Encoding Info:    Redeclaring text command \textcircled (encoding TS1) on
 input line 109.
LaTeX Encoding Info:    Redeclaring text symbol \textohm (encoding TS1) on inpu
t line 115.
LaTeX Encoding Info:    Redeclaring text symbol \textlbrackdbl (encoding TS1) o
n input line 116.
LaTeX Encoding Info:    Redeclaring text symbol \textrbrackdbl (encoding TS1) o
n input line 117.
LaTeX Encoding Info:    Redeclaring text symbol \textuparrow (encoding TS1) on 
input line 118.
LaTeX Encoding Info:    Redeclaring text symbol \textdownarrow (encoding TS1) o
n input line 119.
LaTeX Encoding Info:    Redeclaring text symbol \textasciigrave (encoding TS1) 
on input line 120.
LaTeX Encoding Info:    Redeclaring text symbol \textborn (encoding TS1) on inp
ut line 121.
LaTeX Encoding Info:    Redeclaring text symbol \textdivorced (encoding TS1) on
 input line 122.
LaTeX Encoding Info:    Redeclaring text symbol \textdied (encoding TS1) on inp
ut line 123.
LaTeX Encoding Info:    Redeclaring text symbol \textleaf (encoding TS1) on inp
ut line 124.
LaTeX Encoding Info:    Redeclaring text symbol \textmarried (encoding TS1) on 
input line 125.
LaTeX Encoding Info:    Redeclaring text symbol \textmusicalnote (encoding TS1)
 on input line 126.
LaTeX Encoding Info:    Redeclaring text symbol \texttildelow (encoding TS1) on
 input line 127.
LaTeX Encoding Info:    Redeclaring text symbol \textdblhyphenchar (encoding TS
1) on input line 128.
LaTeX Encoding Info:    Redeclaring text symbol \textasciibreve (encoding TS1) 
on input line 129.
LaTeX Encoding Info:    Redeclaring text symbol \textasciicaron (encoding TS1) 
on input line 130.
LaTeX Encoding Info:    Redeclaring text symbol \textacutedbl (encoding TS1) on
 input line 131.
LaTeX Encoding Info:    Redeclaring text symbol \textgravedbl (encoding TS1) on
 input line 132.
LaTeX Encoding Info:    Redeclaring text symbol \textdagger (encoding TS1) on i
nput line 133.
LaTeX Encoding Info:    Redeclaring text symbol \textdaggerdbl (encoding TS1) o
n input line 134.
LaTeX Encoding Info:    Redeclaring text symbol \textbardbl (encoding TS1) on i
nput line 135.
LaTeX Encoding Info:    Redeclaring text symbol \textperthousand (encoding TS1)
 on input line 136.
LaTeX Encoding Info:    Redeclaring text symbol \textbullet (encoding TS1) on i
nput line 137.
LaTeX Encoding Info:    Redeclaring text symbol \textcelsius (encoding TS1) on 
input line 138.
LaTeX Encoding Info:    Redeclaring text symbol \textdollaroldstyle (encoding T
S1) on input line 139.
LaTeX Encoding Info:    Redeclaring text symbol \textcentoldstyle (encoding TS1
) on input line 140.
LaTeX Encoding Info:    Redeclaring text symbol \textflorin (encoding TS1) on i
nput line 141.
LaTeX Encoding Info:    Redeclaring text symbol \textcolonmonetary (encoding TS
1) on input line 142.
LaTeX Encoding Info:    Redeclaring text symbol \textwon (encoding TS1) on inpu
t line 143.
LaTeX Encoding Info:    Redeclaring text symbol \textnaira (encoding TS1) on in
put line 144.
LaTeX Encoding Info:    Redeclaring text symbol \textguarani (encoding TS1) on 
input line 145.
LaTeX Encoding Info:    Redeclaring text symbol \textpeso (encoding TS1) on inp
ut line 146.
LaTeX Encoding Info:    Redeclaring text symbol \textlira (encoding TS1) on inp
ut line 147.
LaTeX Encoding Info:    Redeclaring text symbol \textrecipe (encoding TS1) on i
nput line 148.
LaTeX Encoding Info:    Redeclaring text symbol \textinterrobang (encoding TS1)
 on input line 149.
LaTeX Encoding Info:    Redeclaring text symbol \textinterrobangdown (encoding 
TS1) on input line 150.
LaTeX Encoding Info:    Redeclaring text symbol \textdong (encoding TS1) on inp
ut line 151.
LaTeX Encoding Info:    Redeclaring text symbol \texttrademark (encoding TS1) o
n input line 152.
LaTeX Encoding Info:    Redeclaring text symbol \textpertenthousand (encoding T
S1) on input line 153.
LaTeX Encoding Info:    Redeclaring text symbol \textpilcrow (encoding TS1) on 
input line 154.
LaTeX Encoding Info:    Redeclaring text symbol \textbaht (encoding TS1) on inp
ut line 155.
LaTeX Encoding Info:    Redeclaring text symbol \textnumero (encoding TS1) on i
nput line 156.
LaTeX Encoding Info:    Redeclaring text symbol \textdiscount (encoding TS1) on
 input line 157.
LaTeX Encoding Info:    Redeclaring text symbol \textestimated (encoding TS1) o
n input line 158.
LaTeX Encoding Info:    Redeclaring text symbol \textopenbullet (encoding TS1) 
on input line 159.
LaTeX Encoding Info:    Redeclaring text symbol \textservicemark (encoding TS1)
 on input line 160.
LaTeX Encoding Info:    Redeclaring text symbol \textlquill (encoding TS1) on i
nput line 161.
LaTeX Encoding Info:    Redeclaring text symbol \textrquill (encoding TS1) on i
nput line 162.
LaTeX Encoding Info:    Redeclaring text symbol \textcent (encoding TS1) on inp
ut line 163.
LaTeX Encoding Info:    Redeclaring text symbol \textsterling (encoding TS1) on
 input line 164.
LaTeX Encoding Info:    Redeclaring text symbol \textcurrency (encoding TS1) on
 input line 165.
LaTeX Encoding Info:    Redeclaring text symbol \textyen (encoding TS1) on inpu
t line 166.
LaTeX Encoding Info:    Redeclaring text symbol \textbrokenbar (encoding TS1) o
n input line 167.
LaTeX Encoding Info:    Redeclaring text symbol \textsection (encoding TS1) on 
input line 168.
LaTeX Encoding Info:    Redeclaring text symbol \textasciidieresis (encoding TS
1) on input line 169.
LaTeX Encoding Info:    Redeclaring text symbol \textcopyright (encoding TS1) o
n input line 170.
LaTeX Encoding Info:    Redeclaring text symbol \textordfeminine (encoding TS1)
 on input line 171.
LaTeX Encoding Info:    Redeclaring text symbol \textcopyleft (encoding TS1) on
 input line 172.
LaTeX Encoding Info:    Redeclaring text symbol \textlnot (encoding TS1) on inp
ut line 173.
LaTeX Encoding Info:    Redeclaring text symbol \textcircledP (encoding TS1) on
 input line 174.
LaTeX Encoding Info:    Redeclaring text symbol \textregistered (encoding TS1) 
on input line 175.
LaTeX Encoding Info:    Redeclaring text symbol \textasciimacron (encoding TS1)
 on input line 176.
LaTeX Encoding Info:    Redeclaring text symbol \textdegree (encoding TS1) on i
nput line 177.
LaTeX Encoding Info:    Redeclaring text symbol \textpm (encoding TS1) on input
 line 178.
LaTeX Encoding Info:    Redeclaring text symbol \texttwosuperior (encoding TS1)
 on input line 179.
LaTeX Encoding Info:    Redeclaring text symbol \textthreesuperior (encoding TS
1) on input line 180.
LaTeX Encoding Info:    Redeclaring text symbol \textasciiacute (encoding TS1) 
on input line 181.
LaTeX Encoding Info:    Redeclaring text symbol \textmu (encoding TS1) on input
 line 182.
LaTeX Encoding Info:    Redeclaring text symbol \textparagraph (encoding TS1) o
n input line 183.
LaTeX Encoding Info:    Redeclaring text symbol \textperiodcentered (encoding T
S1) on input line 184.
LaTeX Encoding Info:    Redeclaring text symbol \textreferencemark (encoding TS
1) on input line 185.
LaTeX Encoding Info:    Redeclaring text symbol \textonesuperior (encoding TS1)
 on input line 186.
LaTeX Encoding Info:    Redeclaring text symbol \textordmasculine (encoding TS1
) on input line 187.
LaTeX Encoding Info:    Redeclaring text symbol \textsurd (encoding TS1) on inp
ut line 188.
LaTeX Encoding Info:    Redeclaring text symbol \textonequarter (encoding TS1) 
on input line 189.
LaTeX Encoding Info:    Redeclaring text symbol \textonehalf (encoding TS1) on 
input line 190.
LaTeX Encoding Info:    Redeclaring text symbol \textthreequarters (encoding TS
1) on input line 191.
LaTeX Encoding Info:    Redeclaring text symbol \texteuro (encoding TS1) on inp
ut line 192.
LaTeX Encoding Info:    Redeclaring text symbol \texttimes (encoding TS1) on in
put line 193.
LaTeX Encoding Info:    Redeclaring text symbol \textdiv (encoding TS1) on inpu
t line 194.
))
\l__ctex_tmp_int=\count284
\l__ctex_tmp_box=\box53
\l__ctex_tmp_dim=\dimen149
\g__ctex_section_depth_int=\count285
\g__ctex_font_size_int=\count286

(C:\Users\HUAWEI\AppData\Local\Programs\MiKTeX\tex/latex/ctex/config\ctexopts.c
fg
File: ctexopts.cfg 2026/07/01 v2.6.1 Option configuration file (CTEX)
)
(C:\Users\HUAWEI\AppData\Local\Programs\MiKTeX\tex/latex/ctex/engine\ctex-engin
e-pdftex.def
File: ctex-engine-pdftex.def 2026/07/01 v2.6.1 (pdf)LaTeX adapter (CTEX)

(C:\Users\HUAWEI\AppData\Local\Programs\MiKTeX\tex/latex/cjk\CJKutf8.sty
Package: CJKutf8 2021/10/16 4.8.5

(C:\Users\HUAWEI\AppData\Local\Programs\MiKTeX\tex/generic/iftex\ifpdf.sty
Package: ifpdf 2019/10/25 v3.4 ifpdf legacy package. Use iftex instead.

(C:\Users\HUAWEI\AppData\Local\Programs\MiKTeX\tex/generic/iftex\iftex.sty
Package: iftex 2024/12/12 v1.0g TeX engine tests
))
(C:\Users\HUAWEI\AppData\Local\Programs\MiKTeX\tex/latex/base\inputenc.sty
Package: inputenc 2024/02/08 v1.3d Input encoding file
\inpenc@prehook=\toks17
\inpenc@posthook=\toks18
)
(C:\Users\HUAWEI\AppData\Local\Programs\MiKTeX\tex/latex/cjk\CJK.sty
Package: CJK 2021/10/16 4.8.5

(C:\Users\HUAWEI\AppData\Local\Programs\MiKTeX\tex/latex/cjk/mule\MULEenc.sty
Package: MULEenc 2021/10/16 4.8.5
)
(C:\Users\HUAWEI\AppData\Local\Programs\MiKTeX\tex/latex/cjk\CJK.enc
File: CJK.enc 2021/10/16 4.8.5
Now handling font encoding C00 ...
... no UTF-8 mapping file for font encoding C00
Now handling font encoding C05 ...
... no UTF-8 mapping file for font encoding C05
Now handling font encoding C09 ...
... no UTF-8 mapping file for font encoding C09
Now handling font encoding C10 ...
... no UTF-8 mapping file for font encoding C10
Now handling font encoding C20 ...
... no UTF-8 mapping file for font encoding C20
Now handling font encoding C19 ...
... no UTF-8 mapping file for font encoding C19
Now handling font encoding C40 ...
... no UTF-8 mapping file for font encoding C40
Now handling font encoding C42 ...
... no UTF-8 mapping file for font encoding C42
Now handling font encoding C43 ...
... no UTF-8 mapping file for font encoding C43
Now handling font encoding C50 ...
... no UTF-8 mapping file for font encoding C50
Now handling font encoding C52 ...
... no UTF-8 mapping file for font encoding C52
Now handling font encoding C49 ...
... no UTF-8 mapping file for font encoding C49
Now handling font encoding C60 ...
... no UTF-8 mapping file for font encoding C60
Now handling font encoding C61 ...
... no UTF-8 mapping file for font encoding C61
Now handling font encoding C63 ...
... no UTF-8 mapping file for font encoding C63
Now handling font encoding C64 ...
... no UTF-8 mapping file for font encoding C64
Now handling font encoding C65 ...
... no UTF-8 mapping file for font encoding C65
Now handling font encoding C70 ...
... no UTF-8 mapping file for font encoding C70
Now handling font encoding C31 ...
... no UTF-8 mapping file for font encoding C31
Now handling font encoding C32 ...
... no UTF-8 mapping file for font encoding C32
Now handling font encoding C33 ...
... no UTF-8 mapping file for font encoding C33
Now handling font encoding C34 ...
... no UTF-8 mapping file for font encoding C34
Now handling font encoding C35 ...
... no UTF-8 mapping file for font encoding C35
Now handling font encoding C36 ...
... no UTF-8 mapping file for font encoding C36
Now handling font encoding C37 ...
... no UTF-8 mapping file for font encoding C37
Now handling font encoding C80 ...
... no UTF-8 mapping file for font encoding C80
Now handling font encoding C81 ...
... no UTF-8 mapping file for font encoding C81
Now handling font encoding C01 ...
... no UTF-8 mapping file for font encoding C01
Now handling font encoding C11 ...
... no UTF-8 mapping file for font encoding C11
Now handling font encoding C21 ...
... no UTF-8 mapping file for font encoding C21
Now handling font encoding C41 ...
... no UTF-8 mapping file for font encoding C41
Now handling font encoding C62 ...
... no UTF-8 mapping file for font encoding C62
)
\CJK@indent=\box54
)
(C:\Users\HUAWEI\AppData\Local\Programs\MiKTeX\tex/latex/base\fontenc.sty
Package: fontenc 2025/07/18 v2.1d Standard LaTeX package
))
(C:\Users\HUAWEI\AppData\Local\Programs\MiKTeX\tex/latex/cjkpunct\CJKpunct.sty
Package: CJKpunct 2016/05/14 4.8.4
\CJKpunct@cnta=\count287
\CJKpunct@cntb=\count288
\CJKpunct@cntc=\count289
\CJKpunct@cntd=\count290
\CJKpunct@cnte=\count291
   defining Unicode char U+2018 (decimal 8216)
   defining Unicode char U+2019 (decimal 8217)
   defining Unicode char U+201C (decimal 8220)
   defining Unicode char U+201D (decimal 8221)
   defining Unicode char U+2014 (decimal 8212)
   defining Unicode char U+2026 (decimal 8230)

(C:\Users\HUAWEI\AppData\Local\Programs\MiKTeX\tex/latex/cjkpunct\CJKpunct.spa)
) (C:\Users\HUAWEI\AppData\Local\Programs\MiKTeX\tex/latex/cjk\CJKspace.sty
Package: CJKspace 2021/10/16 3.8.0
)
(C:\Users\HUAWEI\AppData\Local\Programs\MiKTeX\tex/latex/cjk/UTF8\UTF8.bdg
File: UTF8.bdg 2021/10/16 4.8.5
)
(C:\Users\HUAWEI\AppData\Local\Programs\MiKTeX\tex/latex/ctex\ctexspa.def
File: ctexspa.def 2024/03/20 v2.5.11 Space info for CJKpunct (CTEX)
)
\ccwd=\dimen150
\l__ctex_ccglue_skip=\skip51
)
\l__ctex_ziju_dim=\dimen151

(C:\Users\HUAWEI\AppData\Local\Programs\MiKTeX\tex/latex/zhnumber\zhnumber.sty
Package: zhnumber 2022/07/14 v3.0 Typesetting numbers with Chinese glyphs
\l__zhnum_scale_int=\count292
\l__zhnum_tmp_int=\count293

(C:\Users\HUAWEI\AppData\Local\Programs\MiKTeX\tex/latex/zhnumber\zhnumber-utf8
.cfg
File: zhnumber-utf8.cfg 2022/07/14 v3.0 Chinese numerals with UTF8 encoding
))
(C:\Users\HUAWEI\AppData\Local\Programs\MiKTeX\tex/latex/ctex/scheme\ctex-schem
e-chinese.def
File: ctex-scheme-chinese.def 2026/07/01 v2.6.1 Chinese scheme for generic (CTE
X)

(C:\Users\HUAWEI\AppData\Local\Programs\MiKTeX\tex/latex/ctex/config\ctex-name-
utf8.cfg
File: ctex-name-utf8.cfg 2026/07/01 v2.6.1 Caption with encoding UTF-8 (CTEX)
))
(C:\Users\HUAWEI\AppData\Local\Programs\MiKTeX\tex/latex/tools\indentfirst.sty
Package: indentfirst 2023/07/02 v1.03 Indent first paragraph (DPC)
)
(C:\Users\HUAWEI\AppData\Local\Programs\MiKTeX\tex/latex/ctex/fontset\ctex-font
set-windows.def
File: ctex-fontset-windows.def 2026/07/01 v2.6.1 Windows fonts definition (CTEX
)
))
(C:\Users\HUAWEI\AppData\Local\Programs\MiKTeX\tex/latex/ctex/config\ctex.cfg
File: ctex.cfg 2026/07/01 v2.6.1 Configuration file (CTEX)
)
(C:\Users\HUAWEI\AppData\Local\Programs\MiKTeX\tex/latex/amsmath\amsmath.sty
Package: amsmath 2025/07/09 v2.17z AMS math features
\@mathmargin=\skip52

For additional information on amsmath, use the `?' option.
(C:\Users\HUAWEI\AppData\Local\Programs\MiKTeX\tex/latex/amsmath\amstext.sty
Package: amstext 2024/11/17 v2.01 AMS text

(C:\Users\HUAWEI\AppData\Local\Programs\MiKTeX\tex/latex/amsmath\amsgen.sty
File: amsgen.sty 1999/11/30 v2.0 generic functions
\@emptytoks=\toks19
\ex@=\dimen152
))
(C:\Users\HUAWEI\AppData\Local\Programs\MiKTeX\tex/latex/amsmath\amsbsy.sty
Package: amsbsy 1999/11/29 v1.2d Bold Symbols
\pmbraise@=\dimen153
)
(C:\Users\HUAWEI\AppData\Local\Programs\MiKTeX\tex/latex/amsmath\amsopn.sty
Package: amsopn 2022/04/08 v2.04 operator names
)
\inf@bad=\count294
LaTeX Info: Redefining \frac on input line 233.
\uproot@=\count295
\leftroot@=\count296
LaTeX Info: Redefining \overline on input line 398.
LaTeX Info: Redefining \colon on input line 409.
\classnum@=\count297
\DOTSCASE@=\count298
LaTeX Info: Redefining \ldots on input line 495.
LaTeX Info: Redefining \dots on input line 498.
LaTeX Info: Redefining \cdots on input line 619.
\Mathstrutbox@=\box55
\strutbox@=\box56
LaTeX Info: Redefining \big on input line 721.
LaTeX Info: Redefining \Big on input line 722.
LaTeX Info: Redefining \bigg on input line 723.
LaTeX Info: Redefining \Bigg on input line 724.
\big@size=\dimen154
LaTeX Font Info:    Redeclaring font encoding OML on input line 742.
LaTeX Font Info:    Redeclaring font encoding OMS on input line 743.
\macc@depth=\count299
LaTeX Info: Redefining \bmod on input line 904.
LaTeX Info: Redefining \pmod on input line 909.
LaTeX Info: Redefining \smash on input line 939.
LaTeX Info: Redefining \relbar on input line 969.
LaTeX Info: Redefining \Relbar on input line 970.
\c@MaxMatrixCols=\count300
\dotsspace@=\muskip17
\c@parentequation=\count301
\dspbrk@lvl=\count302
\tag@help=\toks20
\row@=\count303
\column@=\count304
\maxfields@=\count305
\andhelp@=\toks21
\eqnshift@=\dimen155
\alignsep@=\dimen156
\tagshift@=\dimen157
\tagwidth@=\dimen158
\totwidth@=\dimen159
\lineht@=\dimen160
\@envbody=\toks22
\multlinegap=\skip53
\multlinetaggap=\skip54
\mathdisplay@stack=\toks23
LaTeX Info: Redefining \[ on input line 2950.
LaTeX Info: Redefining \] on input line 2951.
)
(C:\Users\HUAWEI\AppData\Local\Programs\MiKTeX\tex/latex/amsfonts\amssymb.sty
Package: amssymb 2013/01/14 v3.01 AMS font symbols

(C:\Users\HUAWEI\AppData\Local\Programs\MiKTeX\tex/latex/amsfonts\amsfonts.sty
Package: amsfonts 2013/01/14 v3.01 Basic AMSFonts support
\symAMSa=\mathgroup4
\symAMSb=\mathgroup5
LaTeX Font Info:    Redeclaring math symbol \hbar on input line 98.
LaTeX Font Info:    Overwriting math alphabet `\mathfrak' in version `bold'
(Font)                  U/euf/m/n --> U/euf/b/n on input line 106.
))
(C:\Users\HUAWEI\AppData\Local\Programs\MiKTeX\tex/latex/graphics\graphicx.sty
Package: graphicx 2024/12/31 v1.2e Enhanced LaTeX Graphics (DPC,SPQR)

(C:\Users\HUAWEI\AppData\Local\Programs\MiKTeX\tex/latex/graphics\keyval.sty
Package: keyval 2022/05/29 v1.15 key=value parser (DPC)
\KV@toks@=\toks24
)
(C:\Users\HUAWEI\AppData\Local\Programs\MiKTeX\tex/latex/graphics\graphics.sty
Package: graphics 2024/08/06 v1.4g Standard LaTeX Graphics (DPC,SPQR)

(C:\Users\HUAWEI\AppData\Local\Programs\MiKTeX\tex/latex/graphics\trig.sty
Package: trig 2023/12/02 v1.11 sin cos tan (DPC)
)
(C:\Users\HUAWEI\AppData\Local\Programs\MiKTeX\tex/latex/graphics-cfg\graphics.
cfg
File: graphics.cfg 2016/06/04 v1.11 sample graphics configuration
)
Package graphics Info: Driver file: pdftex.def on input line 106.

(C:\Users\HUAWEI\AppData\Local\Programs\MiKTeX\tex/latex/graphics-def\pdftex.de
f
File: pdftex.def 2025/09/29 v1.2d Graphics/color driver for pdftex
))
\Gin@req@height=\dimen161
\Gin@req@width=\dimen162
) (C:\Users\HUAWEI\AppData\Local\Programs\MiKTeX\tex/latex/float\float.sty
Package: float 2001/11/08 v1.3d Float enhancements (AL)
\c@float@type=\count306
\float@exts=\toks25
\float@box=\box57
\@float@everytoks=\toks26
\@floatcapt=\box58
)
(C:\Users\HUAWEI\AppData\Local\Programs\MiKTeX\tex/latex/booktabs\booktabs.sty
Package: booktabs 2020/01/12 v1.61803398 Publication quality tables
\heavyrulewidth=\dimen163
\lightrulewidth=\dimen164
\cmidrulewidth=\dimen165
\belowrulesep=\dimen166
\belowbottomsep=\dimen167
\aboverulesep=\dimen168
\abovetopsep=\dimen169
\cmidrulesep=\dimen170
\cmidrulekern=\dimen171
\defaultaddspace=\dimen172
\@cmidla=\count307
\@cmidlb=\count308
\@aboverulesep=\dimen173
\@belowrulesep=\dimen174
\@thisruleclass=\count309
\@lastruleclass=\count310
\@thisrulewidth=\dimen175
) (C:\Users\HUAWEI\AppData\Local\Programs\MiKTeX\tex/latex/multirow\multirow.st
y
Package: multirow 2024/11/12 v2.9 Span multiple rows of a table
\multirow@colwidth=\skip55
\multirow@cntb=\count311
\multirow@dima=\skip56
\bigstrutjot=\dimen176
)
(C:\Users\HUAWEI\AppData\Local\Programs\MiKTeX\tex/latex/geometry\geometry.sty
Package: geometry 2026/03/07 v6.0 Page Geometry

(C:\Users\HUAWEI\AppData\Local\Programs\MiKTeX\tex/generic/iftex\ifvtex.sty
Package: ifvtex 2019/10/25 v1.7 ifvtex legacy package. Use iftex instead.
)
\Gm@cnth=\count312
\Gm@cntv=\count313
\c@Gm@tempcnt=\count314
\Gm@bindingoffset=\dimen177
\Gm@wd@mp=\dimen178
\Gm@odd@mp=\dimen179
\Gm@even@mp=\dimen180
\Gm@layoutwidth=\dimen181
\Gm@layoutheight=\dimen182
\Gm@layouthoffset=\dimen183
\Gm@layoutvoffset=\dimen184
\Gm@dimlist=\toks27

(C:\Users\HUAWEI\AppData\Local\Programs\MiKTeX\tex/latex/geometry\geometry.cfg)
)
(C:\Users\HUAWEI\AppData\Local\Programs\MiKTeX\tex/latex/enumitem\enumitem.sty
Package: enumitem 2025/02/06 v3.11 Customized lists
\labelindent=\skip57
\enit@outerparindent=\dimen185
\enit@toks=\toks28
\enit@inbox=\box59
\enit@count@id=\count315
\enitdp@description=\count316
) (C:\Users\HUAWEI\AppData\Local\Programs\MiKTeX\tex/latex/caption\caption.sty
Package: caption 2023/08/05 v3.6o Customizing captions (AR)

(C:\Users\HUAWEI\AppData\Local\Programs\MiKTeX\tex/latex/caption\caption3.sty
Package: caption3 2023/07/31 v2.4d caption3 kernel (AR)
\caption@tempdima=\dimen186
\captionmargin=\dimen187
\caption@leftmargin=\dimen188
\caption@rightmargin=\dimen189
\caption@width=\dimen190
\caption@indent=\dimen191
\caption@parindent=\dimen192
\caption@hangindent=\dimen193
Package caption Info: Standard document class detected.
)
\c@caption@flags=\count317
\c@continuedfloat=\count318
Package caption Info: float package is loaded.
) (C:\Users\HUAWEI\AppData\Local\Programs\MiKTeX\tex/latex/tools\longtable.sty
Package: longtable 2025-10-13 v4.24 Multi-page Table package (DPC)
\LTleft=\skip58
\LTright=\skip59
\LTpre=\skip60
\LTpost=\skip61
\LTchunksize=\count319
\LTcapwidth=\dimen194
\LT@head=\box60
\LT@firsthead=\box61
\LT@foot=\box62
\LT@lastfoot=\box63
\LT@gbox=\box64
\LT@cols=\count320
\LT@rows=\count321
\c@LT@tables=\count322
\c@LT@chunks=\count323
\LT@p@ftn=\toks29
)
(C:\Users\HUAWEI\AppData\Local\Programs\MiKTeX\tex/latex/tools\array.sty
Package: array 2025/09/25 v2.6n Tabular extension package (FMi)
\col@sep=\dimen195
\ar@mcellbox=\box65
\extrarowheight=\dimen196
\NC@list=\toks30
\extratabsurround=\skip62
\backup@length=\skip63
\ar@cellbox=\box66
)
(C:\Users\HUAWEI\AppData\Local\Programs\MiKTeX\tex/latex/tools\tabularx.sty
Package: tabularx 2023/12/11 v2.12a `tabularx' package (DPC)
\TX@col@width=\dimen197
\TX@old@table=\dimen198
\TX@old@col=\dimen199
\TX@target=\dimen256
\TX@delta=\dimen257
\TX@cols=\count324
\TX@ftn=\toks31
)
(C:\Users\HUAWEI\AppData\Local\Programs\MiKTeX\tex/latex/cite\cite.sty
LaTeX Info: Redefining \cite on input line 302.
LaTeX Info: Redefining \nocite on input line 332.
Package: cite 2015/02/27  v 5.5
)
(C:\Users\HUAWEI\AppData\Local\Programs\MiKTeX\tex/latex/hyperref\hyperref.sty
Package: hyperref 2025-07-12 v7.01o Hypertext links for LaTeX

(C:\Users\HUAWEI\AppData\Local\Programs\MiKTeX\tex/latex/kvsetkeys\kvsetkeys.st
y
Package: kvsetkeys 2022-10-05 v1.19 Key value parser (HO)
)
(C:\Users\HUAWEI\AppData\Local\Programs\MiKTeX\tex/generic/kvdefinekeys\kvdefin
ekeys.sty
Package: kvdefinekeys 2019-12-19 v1.6 Define keys (HO)
)
(C:\Users\HUAWEI\AppData\Local\Programs\MiKTeX\tex/generic/pdfescape\pdfescape.
sty
Package: pdfescape 2019/12/09 v1.15 Implements pdfTeX's escape features (HO)

(C:\Users\HUAWEI\AppData\Local\Programs\MiKTeX\tex/generic/ltxcmds\ltxcmds.sty
Package: ltxcmds 2023-12-04 v1.26 LaTeX kernel commands for general use (HO)
)
(C:\Users\HUAWEI\AppData\Local\Programs\MiKTeX\tex/generic/pdftexcmds\pdftexcmd
s.sty
Package: pdftexcmds 2020-06-27 v0.33 Utility functions of pdfTeX for LuaTeX (HO
)

(C:\Users\HUAWEI\AppData\Local\Programs\MiKTeX\tex/generic/infwarerr\infwarerr.
sty
Package: infwarerr 2019/12/03 v1.5 Providing info/warning/error messages (HO)
)
Package pdftexcmds Info: \pdf@primitive is available.
Package pdftexcmds Info: \pdf@ifprimitive is available.
Package pdftexcmds Info: \pdfdraftmode found.
))
(C:\Users\HUAWEI\AppData\Local\Programs\MiKTeX\tex/latex/hycolor\hycolor.sty
Package: hycolor 2020-01-27 v1.10 Color options for hyperref/bookmark (HO)
)
(C:\Users\HUAWEI\AppData\Local\Programs\MiKTeX\tex/latex/hyperref\nameref.sty
Package: nameref 2025-06-21 v2.57 Cross-referencing by name of section

(C:\Users\HUAWEI\AppData\Local\Programs\MiKTeX\tex/latex/refcount\refcount.sty
Package: refcount 2019/12/15 v3.6 Data extraction from label references (HO)
)
(C:\Users\HUAWEI\AppData\Local\Programs\MiKTeX\tex/generic/gettitlestring\getti
tlestring.sty
Package: gettitlestring 2019/12/15 v1.6 Cleanup title references (HO)

(C:\Users\HUAWEI\AppData\Local\Programs\MiKTeX\tex/latex/kvoptions\kvoptions.st
y
Package: kvoptions 2022-06-15 v3.15 Key value format for package options (HO)
))
\c@section@level=\count325
)
(C:\Users\HUAWEI\AppData\Local\Programs\MiKTeX\tex/latex/etoolbox\etoolbox.sty
Package: etoolbox 2025/10/02 v2.5m e-TeX tools for LaTeX (JAW)
\etb@tempcnta=\count326
)
(C:\Users\HUAWEI\AppData\Local\Programs\MiKTeX\tex/generic/stringenc\stringenc.
sty
Package: stringenc 2019/11/29 v1.12 Convert strings between diff. encodings (HO
)
)
\@linkdim=\dimen258
\Hy@linkcounter=\count327
\Hy@pagecounter=\count328

(C:\Users\HUAWEI\AppData\Local\Programs\MiKTeX\tex/latex/hyperref\pd1enc.def
File: pd1enc.def 2025-07-12 v7.01o Hyperref: PDFDocEncoding definition (HO)
Now handling font encoding PD1 ...
... no UTF-8 mapping file for font encoding PD1
)
(C:\Users\HUAWEI\AppData\Local\Programs\MiKTeX\tex/generic/intcalc\intcalc.sty
Package: intcalc 2019/12/15 v1.3 Expandable calculations with integers (HO)
)
\Hy@SavedSpaceFactor=\count329
(C:\Users\HUAWEI\AppData\Local\Programs\MiKTeX\tex/latex/hyperref\puenc.def
File: puenc.def 2025-07-12 v7.01o Hyperref: PDF Unicode definition (HO)
Now handling font encoding PU ...
... no UTF-8 mapping file for font encoding PU
)
Package hyperref Info: Option `unicode' set `true' on input line 4066.
Package hyperref Info: Hyper figures OFF on input line 4195.
Package hyperref Info: Link nesting OFF on input line 4200.
Package hyperref Info: Hyper index ON on input line 4203.
Package hyperref Info: Plain pages OFF on input line 4210.
Package hyperref Info: Backreferencing OFF on input line 4215.
Package hyperref Info: Implicit mode ON; LaTeX internals redefined.
Package hyperref Info: Bookmarks ON on input line 4462.
\c@Hy@tempcnt=\count330

(C:\Users\HUAWEI\AppData\Local\Programs\MiKTeX\tex/latex/url\url.sty
\Urlmuskip=\muskip18
Package: url 2013/09/16  ver 3.4  Verb mode for urls, etc.
)
LaTeX Info: Redefining \url on input line 4801.
\XeTeXLinkMargin=\dimen259

(C:\Users\HUAWEI\AppData\Local\Programs\MiKTeX\tex/generic/bitset\bitset.sty
Package: bitset 2019/12/09 v1.3 Handle bit-vector datatype (HO)

(C:\Users\HUAWEI\AppData\Local\Programs\MiKTeX\tex/generic/bigintcalc\bigintcal
c.sty
Package: bigintcalc 2019/12/15 v1.5 Expandable calculations on big integers (HO
)
))
\Fld@menulength=\count331
\Field@Width=\dimen260
\Fld@charsize=\dimen261
Package hyperref Info: Hyper figures OFF on input line 6078.
Package hyperref Info: Link nesting OFF on input line 6083.
Package hyperref Info: Hyper index ON on input line 6086.
Package hyperref Info: backreferencing OFF on input line 6093.
Package hyperref Info: Link coloring OFF on input line 6098.
Package hyperref Info: Link coloring with OCG OFF on input line 6103.
Package hyperref Info: PDF/A mode OFF on input line 6108.
\Hy@abspage=\count332
\c@Item=\count333
\c@Hfootnote=\count334
)
Package hyperref Info: Driver (autodetected): hpdftex.

(C:\Users\HUAWEI\AppData\Local\Programs\MiKTeX\tex/latex/hyperref\hpdftex.def
File: hpdftex.def 2025-07-12 v7.01o Hyperref driver for pdfTeX
\Fld@listcount=\count335
\c@bookmark@seq@number=\count336

(C:\Users\HUAWEI\AppData\Local\Programs\MiKTeX\tex/latex/rerunfilecheck\rerunfi
lecheck.sty
Package: rerunfilecheck 2025-06-21 v1.11 Rerun checks for auxiliary files (HO)

(C:\Users\HUAWEI\AppData\Local\Programs\MiKTeX\tex/generic/uniquecounter\unique
counter.sty
Package: uniquecounter 2019/12/15 v1.4 Provide unlimited unique counter (HO)
)
Package uniquecounter Info: New unique counter `rerunfilecheck' on input line 2
84.
)
\Hy@SectionHShift=\skip64
)
(C:\Users\HUAWEI\AppData\Local\Programs\MiKTeX\tex/latex/cjk/UTF8\UTF8.enc
File: UTF8.enc 2021/10/16 4.8.5
)
(C:\Users\HUAWEI\AppData\Local\Programs\MiKTeX\tex/latex/cjk/UTF8\UTF8.chr
File: UTF8.chr 2021/10/16 4.8.5
)
(C:\Users\HUAWEI\Desktop\2023C\paper\main.aux)
\openout1 = `main.aux'.

LaTeX Font Info:    Checking defaults for OML/cmm/m/it on input line 38.
LaTeX Font Info:    ... okay on input line 38.
LaTeX Font Info:    Checking defaults for OMS/cmsy/m/n on input line 38.
LaTeX Font Info:    ... okay on input line 38.
LaTeX Font Info:    Checking defaults for OT1/cmr/m/n on input line 38.
LaTeX Font Info:    ... okay on input line 38.
LaTeX Font Info:    Checking defaults for T1/cmr/m/n on input line 38.
LaTeX Font Info:    ... okay on input line 38.
LaTeX Font Info:    Checking defaults for TS1/cmr/m/n on input line 38.
LaTeX Font Info:    ... okay on input line 38.
LaTeX Font Info:    Checking defaults for OMX/cmex/m/n on input line 38.
LaTeX Font Info:    ... okay on input line 38.
LaTeX Font Info:    Checking defaults for U/cmr/m/n on input line 38.
LaTeX Font Info:    ... okay on input line 38.
LaTeX Font Info:    Checking defaults for C00/song/m/n on input line 38.
LaTeX Font Info:    ... okay on input line 38.
LaTeX Font Info:    Checking defaults for C05/song/m/n on input line 38.
LaTeX Font Info:    ... okay on input line 38.
LaTeX Font Info:    Checking defaults for C09/song/m/n on input line 38.
LaTeX Font Info:    ... okay on input line 38.
LaTeX Font Info:    Checking defaults for C10/song/m/n on input line 38.
LaTeX Font Info:    ... okay on input line 38.
LaTeX Font Info:    Checking defaults for C20/song/m/n on input line 38.
LaTeX Font Info:    ... okay on input line 38.
LaTeX Font Info:    Checking defaults for C19/song/m/n on input line 38.
LaTeX Font Info:    ... okay on input line 38.
LaTeX Font Info:    Checking defaults for C40/song/m/n on input line 38.
LaTeX Font Info:    ... okay on input line 38.
LaTeX Font Info:    Checking defaults for C42/song/m/n on input line 38.
LaTeX Font Info:    ... okay on input line 38.
LaTeX Font Info:    Checking defaults for C43/song/m/n on input line 38.
LaTeX Font Info:    ... okay on input line 38.
LaTeX Font Info:    Checking defaults for C50/song/m/n on input line 38.
LaTeX Font Info:    ... okay on input line 38.
LaTeX Font Info:    Checking defaults for C52/song/m/n on input line 38.
LaTeX Font Info:    ... okay on input line 38.
LaTeX Font Info:    Checking defaults for C49/song/m/n on input line 38.
LaTeX Font Info:    ... okay on input line 38.
LaTeX Font Info:    Checking defaults for C60/mj/m/n on input line 38.
LaTeX Font Info:    ... okay on input line 38.
LaTeX Font Info:    Checking defaults for C61/mj/m/n on input line 38.
LaTeX Font Info:    ... okay on input line 38.
LaTeX Font Info:    Checking defaults for C63/mj/m/n on input line 38.
LaTeX Font Info:    ... okay on input line 38.
LaTeX Font Info:    Checking defaults for C64/mj/m/n on input line 38.
LaTeX Font Info:    ... okay on input line 38.
LaTeX Font Info:    Checking defaults for C65/mj/m/n on input line 38.
LaTeX Font Info:    ... okay on input line 38.
LaTeX Font Info:    Checking defaults for C70/song/m/n on input line 38.
LaTeX Font Info:    ... okay on input line 38.
LaTeX Font Info:    Checking defaults for C31/song/m/n on input line 38.
LaTeX Font Info:    ... okay on input line 38.
LaTeX Font Info:    Checking defaults for C32/song/m/n on input line 38.
LaTeX Font Info:    ... okay on input line 38.
LaTeX Font Info:    Checking defaults for C33/song/m/n on input line 38.
LaTeX Font Info:    ... okay on input line 38.
LaTeX Font Info:    Checking defaults for C34/song/m/n on input line 38.
LaTeX Font Info:    ... okay on input line 38.
LaTeX Font Info:    Checking defaults for C35/song/m/n on input line 38.
LaTeX Font Info:    ... okay on input line 38.
LaTeX Font Info:    Checking defaults for C36/song/m/n on input line 38.
LaTeX Font Info:    ... okay on input line 38.
LaTeX Font Info:    Checking defaults for C37/song/m/n on input line 38.
LaTeX Font Info:    ... okay on input line 38.
LaTeX Font Info:    Checking defaults for C80/song/m/n on input line 38.
LaTeX Font Info:    ... okay on input line 38.
LaTeX Font Info:    Checking defaults for C81/song/m/n on input line 38.
LaTeX Font Info:    ... okay on input line 38.
LaTeX Font Info:    Checking defaults for C01/song/m/n on input line 38.
LaTeX Font Info:    ... okay on input line 38.
LaTeX Font Info:    Checking defaults for C11/song/m/n on input line 38.
LaTeX Font Info:    ... okay on input line 38.
LaTeX Font Info:    Checking defaults for C21/song/m/n on input line 38.
LaTeX Font Info:    ... okay on input line 38.
LaTeX Font Info:    Checking defaults for C41/song/m/n on input line 38.
LaTeX Font Info:    ... okay on input line 38.
LaTeX Font Info:    Checking defaults for C62/song/m/n on input line 38.
LaTeX Font Info:    ... okay on input line 38.
LaTeX Font Info:    Checking defaults for PD1/pdf/m/n on input line 38.
LaTeX Font Info:    ... okay on input line 38.
LaTeX Font Info:    Checking defaults for PU/pdf/m/n on input line 38.
LaTeX Font Info:    ... okay on input line 38.

(C:\Users\HUAWEI\AppData\Local\Programs\MiKTeX\tex/context/base/mkii\supp-pdf.m
kii
[Loading MPS to PDF converter (version 2006.09.02).]
\scratchcounter=\count337
\scratchdimen=\dimen262
\scratchbox=\box67
\nofMPsegments=\count338
\nofMParguments=\count339
\everyMPshowfont=\toks32
\MPscratchCnt=\count340
\MPscratchDim=\dimen263
\MPnumerator=\count341
\makeMPintoPDFobject=\count342
\everyMPtoPDFconversion=\toks33
)
(C:\Users\HUAWEI\AppData\Local\Programs\MiKTeX\tex/latex/epstopdf-pkg\epstopdf-
base.sty
Package: epstopdf-base 2020-01-24 v2.11 Base part for package epstopdf
Package epstopdf-base Info: Redefining graphics rule for `.eps' on input line 4
85.

(C:\Users\HUAWEI\AppData\Local\Programs\MiKTeX\tex/latex/00miktex\epstopdf-sys.
cfg
File: epstopdf-sys.cfg 2021/03/18 v2.0 Configuration of epstopdf for MiKTeX
))
*geometry* driver: auto-detecting
*geometry* detected driver: pdftex
*geometry* verbose mode - [ preamble ] result:
* driver: pdftex
* paper: a4paper
* layout: <same size as paper>
* layoutoffset:(h,v)=(0.0pt,0.0pt)
* modes: 
* h-part:(L,W,R)=(71.13188pt, 455.24411pt, 71.13188pt)
* v-part:(T,H,B)=(71.13188pt, 702.78308pt, 71.13188pt)
* \paperwidth=597.50787pt
* \paperheight=845.04684pt
* \textwidth=455.24411pt
* \textheight=702.78308pt
* \oddsidemargin=-1.1381pt
* \evensidemargin=-1.1381pt
* \topmargin=-38.1381pt
* \headheight=12.0pt
* \headsep=25.0pt
* \topskip=12.0pt
* \footskip=30.0pt
* \marginparwidth=35.0pt
* \marginparsep=10.0pt
* \columnsep=10.0pt
* \skip\footins=10.8pt plus 4.0pt minus 2.0pt
* \hoffset=0.0pt
* \voffset=0.0pt
* \mag=1000
* \@twocolumnfalse
* \@twosidefalse
* \@mparswitchfalse
* \@reversemarginfalse
* (1in=72.27pt=25.4mm, 1cm=28.453pt)

Package caption Info: Begin \AtBeginDocument code.
Package caption Info: hyperref package is loaded.
Package caption Info: longtable package is loaded.
(C:\Users\HUAWEI\AppData\Local\Programs\MiKTeX\tex/latex/caption\ltcaption.sty
Package: ltcaption 2021/01/08 v1.4c longtable captions (AR)
)
Package caption Info: End \AtBeginDocument code.
Package hyperref Info: Link coloring OFF on input line 38.
(C:\Users\HUAWEI\Desktop\2023C\paper\main.out)
(C:\Users\HUAWEI\Desktop\2023C\paper\main.out)
\@outlinefile=\write3
\openout3 = `main.out'.

LaTeX Font Info:    Trying to load font information for C70+rm on input line 42
.

(C:\Users\HUAWEI\AppData\Local\Programs\MiKTeX\tex/latex/ctex/fd\c70rm.fd
File: c70rm.fd 2024/03/20 v2.5.11 Chinese font definition (CTEX)
)
Package CJKpunct Info: use punctuation spaces for family 'rm' with punctstyle (
quanjiao) on input line 52.
LaTeX Font Info:    Trying to load font information for U+msa on input line 54.


(C:\Users\HUAWEI\AppData\Local\Programs\MiKTeX\tex/latex/amsfonts\umsa.fd
File: umsa.fd 2013/01/14 v3.01 AMS symbols A
)
LaTeX Font Info:    Trying to load font information for U+msb on input line 54.


(C:\Users\HUAWEI\AppData\Local\Programs\MiKTeX\tex/latex/amsfonts\umsb.fd
File: umsb.fd 2013/01/14 v3.01 AMS symbols B
)
Overfull \hbox (3.04121pt too wide) in paragraph at lines 58--59
\C70/rm/m/n/12/5b û \C70/rm/m/n/12/96 E \C70/rm/m/n/12/53 Ô \C70/rm/m/n/12/55 .
 \C70/rm/m/n/12/54 ¡ \C70/rm/m/n/12/79 Õ \C70/rm/m/n/12/65 p \C70/rm/m/n/12/53 
` \C70/rm/m/n/12/6b ‘ \C70/rm/m/n/12/7b I \C70/rm/m/n/12/6b ‘ \C70/rm/m/n/12/4f
 ã \C70/rm/m/n/12/52 ^^F \C70/rm/m/n/12/91 M \C70/rm/m/n/12/67 ^^@ \C70/rm/m/n/
12/4f N\OT1/cmr/m/n/12 SKU\C70/rm/m/n/12/65 p |\C70/rm/m/n/12/ff ^^H|$\OML/cmm/
m/it/12 k[]$|\C70/rm/m/n/12/ff 	||^^L| \C70/rm/m/n/12/4e  \C70/rm/m/n/12/5c B 
\C70/rm/m/n/12/4e Â \C70/rm/m/n/12/54 ¡ \C70/rm/m/n/12/7c { \C70/rm/m/n/12/67 ^
^@ \C70/rm/m/n/12/4f N \C70/rm/m/n/12/89 Ü \C70/rm/m/n/12/76 ÷ \C70/rm/m/n/12/4
e : \C70/rm/m/n/12/78 l \C70/rm/m/n/12/7e ¶ \C70/rm/m/n/12/67 _ \C70/rm/m/n/12/
5b ˘\OT1/cmr/m/n/12 49\C70/rm/m/n/12/4e *
 []


(C:\Users\HUAWEI\AppData\Local\Programs\MiKTeX\tex/generic/ctex/zhmap\ctex-zhma
p-windows.tex
File: ctex-zhmap-windows.tex 2022/07/14 v2.5.10 Windows font map loader for pdf
TeX and DVIPDFMx (CTEX)
{C:/Users/HUAWEI/AppData/Local/MiKTeX/fonts/map/pdftex/pdftex.map}{UGBK.sfd}{Un
icode.sfd}) [1

] [2]
Overfull \hbox (0.31844pt too wide) in paragraph at lines 71--72
\C70/rm/m/n/12/4e ˆ\OT1/cmr/m/n/12 3\C70/rm/m/n/12/52 ^^F + \C70/rm/m/n/12/7e Ÿ
 \C70/rm/m/n/12/51 ˙ \C70/rm/m/n/12/4e Ü \C70/rm/m/n/12/8b Â \C70/rm/m/n/12/55 
F \C70/rm/m/n/12/8d Ö\OT1/cmr/m/n/12 2020\C70/rm/m/n/12/5e t\OT1/cmr/m/n/12 7\C
70/rm/m/n/12/67 ^^H\OT1/cmr/m/n/12 1\C70/rm/m/n/12/65 Â \C70/rm/m/n/12/81 Û\OT1
/cmr/m/n/12 2023\C70/rm/m/n/12/5e t\OT1/cmr/m/n/12 6\C70/rm/m/n/12/67 ^^H\OT1/c
mr/m/n/12 30\C70/rm/m/n/12/65 Â \C70/rm/m/n/12/54 ^^D \C70/rm/m/n/12/55 F \C70/
rm/m/n/12/54 ¡ \C70/rm/m/n/12/76 Ñ \C70/rm/m/n/12/95 ^^@ \C70/rm/m/n/12/55 . \C
70/rm/m/n/12/6d A \C70/rm/m/n/12/6c 4 \C70/rm/m/n/12/66 ^^N \C70/rm/m/n/12/7e ∆
 |\C70/rm/m/n/12/ff ^^H|\OT1/cmr/m/n/12 878,503\C70/rm/m/n/12/67 a
 []

[3] [4] [5]
<figures/fig_q1_corr.png, id=364, 978.054pt x 427.3566pt>
File: figures/fig_q1_corr.png Graphic file (type png)
<use figures/fig_q1_corr.png>
Package pdftex.def Info: figures/fig_q1_corr.png  used on input line 172.
(pdftex.def)             Requested size: 386.96027pt x 169.08113pt.
 [6]
Overfull \hbox (14.30357pt too wide) in paragraph at lines 180--181
[]\C70/rm/m/n/12/4e : \C70/rm/m/n/12/6d à \C70/rm/m/n/12/96 d \C70/rm/m/n/12/51
 q \C70/rm/m/n/12/54 ^^L \C70/rm/m/n/12/65 ˆ \C70/rm/m/n/12/95 Ù \C70/rm/m/n/12
/8d ã \C70/rm/m/n/12/52 ø \C70/rm/m/n/12/90   \C70/rm/m/n/12/62 ^^P \C70/rm/m/n
/12/76 Ñ \C70/rm/m/n/12/4f * \C70/rm/m/n/12/76 ¯ \C70/rm/m/n/12/51 s|\C70/rm/m/
n/12/ff ^^L| \C70/rm/m/n/12/99 ñ \C70/rm/m/n/12/51 H \C70/rm/m/n/12/5b ˘\OT1/cm
r/m/n/12 6\C70/rm/m/n/12/4e * \C70/rm/m/n/12/54 ¡ \C70/rm/m/n/12/7c { \C70/rm/m
/n/12/76 Ñ \C70/rm/m/n/12/65 Â \C70/rm/m/n/12/95 ^^@ \C70/rm/m/n/12/91 œ \C70/r
m/m/n/12/5e è \C70/rm/m/n/12/52 ^^W \C70/rm/m/n/12/8f € \C70/rm/m/n/12/88 L\OT1
/cmr/m/n/12 STL |\C70/rm/m/n/12/ff ^^H|\OT1/cmr/m/n/12 Seasonal-
 []

[7 <C:/Users/HUAWEI/Desktop/2023C/paper/figures/fig_q1_corr.png>]
Overfull \hbox (22.64853pt too wide) in paragraph at lines 211--212
[]\C70/rm/bx/n/12/53 ª \C70/rm/bx/n/12/8d ã \C70/rm/bx/n/12/52 ø M \C70/rm/bx/n
/12/54 ^^N \C70/rm/bx/n/12/76 Ñ \C70/rm/bx/n/12/5b ˘ \C70/rm/bx/n/12/6b ‘ \C70/
rm/bx/n/12/7e ” \C70/rm/bx/n/12/67 ú|\C70/rm/bx/n/12/30 ^^B| \C70/rm/m/n/12/53 
ü \C70/rm/m/n/12/59 À\OT1/cmr/m/n/12 Spearman\C70/rm/m/n/12/5e s \C70/rm/m/n/12
/57 G \C70/rm/m/n/12/7e › \C70/rm/m/n/12/5b ˘ \C70/rm/m/n/12/50 < \C70/rm/m/n/1
2/4e :$[]$|\C70/rm/m/n/12/ff ^^L| \C70/rm/m/n/12/6b ã \C70/rm/m/n/12/5d Ó\OT1/c
mr/m/n/12 Spearman\C70/rm/m/n/12/96 M \C70/rm/m/n/12/81 Û$[]$|\C70/rm/m/n/12/ff
 ^^L|
 []


Overfull \hbox (4.87483pt too wide) in paragraph at lines 211--212
\C70/rm/m/n/12/51 q \C70/rm/m/n/12/54 ^^L \C70/rm/m/n/12/65 ˆ \C70/rm/m/n/12/95
 Ù \C70/rm/m/n/12/8d ã \C70/rm/m/n/12/52 ø \C70/rm/m/n/12/8d ! \C70/rm/m/n/12/7
3 . \C70/rm/m/n/12/4e Ü \C70/rm/m/n/12/7e ¶$[]$\C70/rm/m/n/12/76 Ñ \C70/rm/m/n/
12/51 s \C70/rm/m/n/12/80 T \C70/rm/m/n/12/5f : \C70/rm/m/n/12/5e ¶|\C70/rm/m/n
/12/30 ^^B| \C70/rm/m/n/12/82 Â \C70/rm/m/n/12/76 Ù \C70/rm/m/n/12/63 • \C70/rm
/m/n/12/4f ^^? \C70/rm/m/n/12/75 ( \C70/rm/m/n/12/53 ü \C70/rm/m/n/12/59 À \C70
/rm/m/n/12/5e è \C70/rm/m/n/12/52 ^^W \C70/rm/m/n/12/76 Ñ ¯ \C70/rm/m/n/12/51 s
 \C70/rm/m/n/12/7c ˚ \C70/rm/m/n/12/65 p \C70/rm/m/n/12/63 ^^G \C70/rm/m/n/12/5
b ¸\OT1/cmr/m/n/12 Q2\C70/rm/m/n/12/54 å\OT1/cmr/m/n/12 Q3\C70/rm/m/n/12/76 Ñ
 []


Overfull \hbox (0.75323pt too wide) in paragraph at lines 211--212
\C70/rm/m/n/12/88 e \C70/rm/m/n/12/8d ' \C70/rm/m/n/12/80 T \C70/rm/m/n/12/52 ®
|\C70/rm/m/n/12/ff ^^L| \C70/rm/m/n/12/5c ^^F \C70/rm/m/n/12/7c ˚ \C70/rm/m/n/1
2/7e ﬂ \C70/rm/m/n/12/60 ' \C70/rm/m/n/12/9a ÿ \C70/rm/m/n/12/4f 0 \C70/rm/m/n/
12/54 ¡ \C70/rm/m/n/12/7c { \C70/rm/m/n/12/4e K \C70/rm/m/n/12/95 Ù \C70/rm/m/n
/12/76 Ñ \C70/rm/m/n/12/53 O \C70/rm/m/n/12/54 ^^L \C70/rm/m/n/12/65 H \C70/rm/
m/n/12/5e î|\C70/rm/m/n/12/30 ^^B| \OT1/cmr/m/n/12 5\C70/rm/m/n/12/7b « \C70/rm
/m/n/12/5d Ú \C70/rm/m/n/12/67 	 \C70/rm/m/n/12/65 á \C70/rm/m/n/12/73 . \C70/r
m/m/n/12/57 G \C70/rm/m/n/12/76 Ù \C70/rm/m/n/12/63 • \C70/rm/m/n/12/4f ^^? \C7
0/rm/m/n/12/75 ( \C70/rm/m/n/12/53 ü \C70/rm/m/n/12/59 À\OT1/cmr/m/n/12 Spearma
n|\C70/rm/m/n/12/ff ^^L|
 []

<figures/fig_q1_granger.png, id=389, 570.933pt x 498.663pt>
File: figures/fig_q1_granger.png Graphic file (type png)
<use figures/fig_q1_granger.png>
Package pdftex.def Info: figures/fig_q1_granger.png  used on input line 225.
(pdftex.def)             Requested size: 341.43307pt x 298.22615pt.
[8]
Overfull \hbox (12.5572pt too wide) in paragraph at lines 235--236
[]\C70/rm/m/n/12/5b ˘\OT1/cmr/m/n/12 246\C70/rm/m/n/12/4e * \C70/rm/m/n/12/67 	
 \C70/rm/m/n/12/95 ^^@ \C70/rm/m/n/12/55 . \C70/rm/m/n/12/8b ∞ \C70/rm/m/n/12/5
f U \C70/rm/m/n/12/76 Ñ \C70/rm/m/n/12/53 U \C70/rm/m/n/12/54 ¡ \C70/rm/m/n/12/
63 	 \C70/rm/m/n/12/4e 	 \C70/rm/m/n/12/5e t \C70/rm/m/n/12/60 ; \C70/rm/m/n/12
/95 ^^@ \C70/rm/m/n/12/91 œ \C70/rm/m/n/12/96 M \C70/rm/m/n/12/5e è \C70/rm/m/n
/12/63 í \C70/rm/m/n/12/52 ^^W|\C70/rm/m/n/12/ff ^^L| \C70/rm/m/n/12/7e ÿ \C70/
rm/m/n/12/52 6\OT1/cmr/m/n/12 Lorenz\C70/rm/m/n/12/66 Ú \C70/rm/m/n/12/7e ø|\C7
0/rm/m/n/12/30 ^^B| \OT1/cmr/m/n/12 Gini\C70/rm/m/n/12/7c ˚ \C70/rm/m/n/12/65 p
$[]$|\C70/rm/m/n/12/ff ^^L|
 []

<figures/fig_q1_lorenz.png, id=397, 571.4148pt x 426.393pt>
File: figures/fig_q1_lorenz.png Graphic file (type png)
<use figures/fig_q1_lorenz.png>
Package pdftex.def Info: figures/fig_q1_lorenz.png  used on input line 239.
(pdftex.def)             Requested size: 318.66948pt x 237.7895pt.
[9 <C:/Users/HUAWEI/Desktop/2023C/paper/figures/fig_q1_granger.png>]
Overfull \hbox (14.19269pt too wide) in paragraph at lines 254--264
 [][] 
 []

[10 <C:/Users/HUAWEI/Desktop/2023C/paper/figures/fig_q1_lorenz.png>]
<figures/fig_q2_plan.png, id=416, 1150.5384pt x 709.2096pt>
File: figures/fig_q2_plan.png Graphic file (type png)
<use figures/fig_q2_plan.png>
Package pdftex.def Info: figures/fig_q2_plan.png  used on input line 274.
(pdftex.def)             Requested size: 409.71692pt x 252.55573pt.

Overfull \hbox (8.29276pt too wide) in paragraph at lines 283--285
\C70/rm/m/n/12/51 v \C70/rm/m/n/12/4e -$\OML/cmm/m/it/12 Q[]$\C70/rm/m/n/12/4e 
: \C70/rm/m/n/12/54 ¡ \C70/rm/m/n/12/7c {$\OML/cmm/m/it/12 c$\C70/rm/m/n/12/5f 
S \C70/rm/m/n/12/59 ) \C70/rm/m/n/12/60 ; \C70/rm/m/n/12/95 ^^@ \C70/rm/m/n/12/
91 œ |\C70/rm/m/n/12/ff ^^H|\OT1/cmr/m/n/12 kg|\C70/rm/m/n/12/ff 	||^^L| $\OML/
cmm/m/it/12 P[]$\C70/rm/m/n/12/4e : \C70/rm/m/n/12/5f S \C70/rm/m/n/12/59 ) \C7
0/rm/m/n/12/8b Â \C70/rm/m/n/12/54 ¡ \C70/rm/m/n/12/7c { \C70/rm/m/n/12/76 Ñ \C
70/rm/m/n/12/52 † \C70/rm/m/n/12/67 C \C70/rm/m/n/12/5e s \C70/rm/m/n/12/57 G \
C70/rm/m/n/12/55 . \C70/rm/m/n/12/4e ˜ |\C70/rm/m/n/12/ff ^^H|\C70/rm/m/n/12/51
 C\OT1/cmr/m/n/12 /kg|\C70/rm/m/n/12/ff 	||^^L| $[][]$\C70/rm/m/n/12/4e :
 []

[11 <C:/Users/HUAWEI/Desktop/2023C/paper/figures/fig_q2_plan.png>]
Overfull \hbox (37.36226pt too wide) in paragraph at lines 306--307
\C70/rm/m/n/12/4e Œ\OT1/cmr/m/n/12 0.485 |\C70/rm/m/n/12/ff ^^H|\C70/rm/m/n/12/
82 ± \C70/rm/m/n/12/53 ˆ \C70/rm/m/n/12/7c {|\C70/rm/m/n/12/ff ^^L| \C70/rm/m/n
/12/97 ^^@ \C70/rm/m/n/12/6c B \C70/rm/m/n/12/76 ¯ \C70/rm/m/n/12/5b ˘ \C70/rm/
m/n/12/7f : \C70/rm/m/n/12/4e O \C70/rm/m/n/12/5f 9 \C70/rm/m/n/12/60 '|\C70/rm
/m/n/12/ff 	| \C70/rm/m/n/12/52 0\OT1/cmr/m/n/12 1.471 |\C70/rm/m/n/12/ff ^^H|\
C70/rm/m/n/12/8f £ \C70/rm/m/n/12/69 ^^R \C70/rm/m/n/12/7c {|\C70/rm/m/n/12/ff 
^^L| \C70/rm/m/n/12/97 ^^@ \C70/rm/m/n/12/6c B \C70/rm/m/n/12/5b Ã \C70/rm/m/n/
12/67 	 \C70/rm/m/n/12/5f 9 \C70/rm/m/n/12/60 '|\C70/rm/m/n/12/ff 	||^^L| $\OML
/cmm/m/it/12 R[]$\C70/rm/m/n/12/57 (\OT1/cmr/m/n/12 0.505\C70/rm/m/n/12/81 Û\OT
1/cmr/m/n/12 0.847\C70/rm/m/n/12/4e K
 []

[12] [13]
Overfull \hbox (7.99211pt too wide) in paragraph at lines 377--378
\C70/rm/m/n/12/98 Ñ \C70/rm/m/n/12/77 Â \C70/rm/m/n/12/5f S \C70/rm/m/n/12/65 Â
 \C70/rm/m/n/12/97 ^^@ \C70/rm/m/n/12/6c B|\C70/rm/m/n/12/30 ^^B| \OT1/cmr/m/n/
12 M2\C70/rm/m/n/12/76 Ñ \C70/rm/m/n/12/9a ÿ \C70/rm/m/n/12/52 ) \C70/rm/m/n/12
/6d ¶ \C70/rm/m/n/12/66 /\OT1/cmr/m/n/12 "\C70/rm/m/n/12/4e P \C70/rm/m/n/12/89
 ¬ \C70/rm/m/n/12/50 O \C70/rm/m/n/12/4f 0\OT1/cmr/m/n/12 " |\C70/rm/m/n/12/20 
^^T||^^T| \C70/rm/m/n/12/50 G \C70/rm/m/n/12/8b æ \C70/rm/m/n/12/4f ` \C70/rm/m
/n/12/77 Â \C70/rm/m/n/12/90 S \C70/rm/m/n/12/66 ^^N \C70/rm/m/n/12/59 ) \C70/r
m/m/n/12/52 0 \C70/rm/m/n/12/5e ï \C70/rm/m/n/12/53 V \C70/rm/m/n/12/59 ^^Z \C7
0/rm/m/n/12/5c ^^Q|\C70/rm/m/n/12/30 ^^B| \OT1/cmr/m/n/12 M1\C70/rm/m/n/12/76 Ñ
\OT1/cmr/m/n/12 5,088\C70/rm/m/n/12/51 C
 []


Overfull \hbox (19.06618pt too wide) in paragraph at lines 377--378
\C70/rm/m/n/12/52 õ|\C70/rm/m/n/12/ff ^^L| \C70/rm/m/n/12/53 Õ \C70/rm/m/n/12/8
b ¡ \C70/rm/m/n/12/4e Ü \C70/rm/m/n/12/53 Ã \C70/rm/m/n/12/5b ˘ \C70/rm/m/n/12/
65 p \C70/rm/m/n/12/6a ! \C70/rm/m/n/12/57 ã \C70/rm/m/n/12/4f \ \C70/rm/m/n/12
/4e :\OT1/cmr/m/n/12 M1\C70/rm/m/n/12/97 ^^@ \C70/rm/m/n/12/6c B \C70/rm/m/n/12
/4f 0 \C70/rm/m/n/12/8b ° \C70/rm/m/n/12/57 ˙ \C70/rm/m/n/12/78 @ \C70/rm/m/n/1
2/76 Ñ \C70/rm/m/n/12/5f ≈ \C70/rm/m/n/12/89 Å \C70/rm/m/n/12/60 '|\C70/rm/m/n/
12/30 ^^B| \C70/rm/m/n/12/53 ¬ \C70/rm/m/n/12/65 p \C70/rm/m/n/12/90 	 \C70/rm/
m/n/12/62 È \C70/rm/m/n/12/65 π \C70/rm/m/n/12/97 b|\C70/rm/m/n/12/ff ^^L| \C70
/rm/m/n/12/67 ^^@ \C70/rm/m/n/12/52 ^^] \C70/rm/m/n/12/5c ^^] \C70/rm/m/n/12/8b
 ’\OT1/cmr/m/n/12 ARIMA\C70/rm/m/n/12/8f €
 []


Overfull \hbox (45.3722pt too wide) in paragraph at lines 401--402
\C70/rm/m/n/12/7c æ \C70/rm/m/n/12/5e ¶ \C70/rm/m/n/12/76 Ñ \C70/rm/m/n/12/65 p
 \C70/rm/m/n/12/63 n \C70/rm/m/n/12/90 ˝ \C70/rm/m/n/12/4f ^^Z \C70/rm/m/n/12/9
0 ^^Z \C70/rm/m/n/12/8f « \C70/rm/m/n/12/7f ) \C70/rm/m/n/12/5c ^^O$\OML/cmm/m/
it/12 ^^[$\C70/rm/m/n/12/76 Ù \C70/rm/m/n/12/63 • \C70/rm/m/n/12/8f l \C70/rm/m
/n/12/53 ^^V \C70/rm/m/n/12/4e : \C70/rm/m/n/12/52 ) \C70/rm/m/n/12/6d ¶ \C70/r
m/m/n/12/63 – \C70/rm/m/n/12/53 G|\C70/rm/m/n/12/30 ^^B| \C70/rm/m/n/12/5f 9 \C
70/rm/m/n/12/60 '$\OMS/cmsy/m/n/12 ^^F\OT1/cmr/m/n/12 20%$\C70/rm/m/n/12/5b ¸ \
C70/rm/m/n/12/81 Ù \C70/rm/m/n/12/52 ) \C70/rm/m/n/12/6d ¶ \C70/rm/m/n/12/6c ‚ 
\C70/rm/m/n/12/52 ® \C70/rm/m/n/12/57 ($\OMS/cmsy/m/n/12 ^^@$\OT1/cmr/m/n/12 30
.7%\C70/rm/m/n/12/81 Û$\OT1/cmr/m/n/12 +40\OML/cmm/m/it/12 :\OT1/cmr/m/n/12 7%$
\C70/rm/m/n/12/83 ^^C
 []

[14]
<figures/fig_q3_scatter.png, id=454, 860.4948pt x 498.663pt>
File: figures/fig_q3_scatter.png Graphic file (type png)
<use figures/fig_q3_scatter.png>
Package pdftex.def Info: figures/fig_q3_scatter.png  used on input line 411.
(pdftex.def)             Requested size: 386.96027pt x 224.2517pt.
 [15 <C:/Users/HUAWEI/Desktop/2023C/paper/figures/fig_q3_scatter.png>]
[16]
<figures/fig_q3_fulfillment.png, id=470, 950.1096pt x 426.393pt>
File: figures/fig_q3_fulfillment.png Graphic file (type png)
<use figures/fig_q3_fulfillment.png>
Package pdftex.def Info: figures/fig_q3_fulfillment.png  used on input line 484
.
(pdftex.def)             Requested size: 364.19667pt x 163.44287pt.
 [17 <C:/Users/HUAWEI/Desktop/2023C/paper/figures/fig_q3_fulfillment.png>]
Overfull \hbox (25.12679pt too wide) in paragraph at lines 506--507
[]\C70/rm/bx/n/12/4e ^^M \C70/rm/bx/n/12/8d ≥|\C70/rm/bx/n/12/ff ^^Z||\C70/rm/m
/n/12/ff ^^H|\OT1/cmr/m/n/12 1|\C70/rm/m/n/12/ff 	| \C70/rm/m/n/12/53 U \C70/rm
/m/n/12/54 ¡ \C70/rm/m/n/12/80 Z \C70/rm/m/n/12/7c {\OT1/cmr/m/n/12 silhouette\
C70/rm/m/n/12/7c ˚ \C70/rm/m/n/12/65 p \C70/rm/m/n/12/4e ≈\OT1/cmr/m/n/12 0.17|
\C70/rm/m/n/12/ff ^^L| \C70/rm/m/n/12/53 U \C70/rm/m/n/12/54 ¡ \C70/rm/m/n/12/9
5 ^^@ \C70/rm/m/n/12/55 . \C70/rm/m/n/12/5f b \C70/rm/m/n/12/60 ^^A \C70/rm/m/n
/12/5d Ó \C70/rm/m/n/12/5f ^^B \C70/rm/m/n/12/4e ^^M \C70/rm/m/n/12/66 > \C70/r
m/m/n/12/84 W|\C70/rm/m/n/12/ff ^^L| \C70/rm/m/n/12/8f Ÿ \C70/rm/m/n/12/61 ^^O 
\C70/rm/m/n/12/54 s \C70/rm/m/n/12/77 @\OT1/cmr/m/n/12 DTW\C70/rm/m/n/12/5f b
 []

[18]
Overfull \hbox (11.21852pt too wide) in paragraph at lines 508--509
\OT1/cmr/m/n/12 normal\C70/rm/m/n/12/4e Â \C70/rm/m/n/12/59 ^^D \C70/rm/m/n/12/
74 ^^F \C70/rm/m/n/12/53 Û \C70/rm/m/n/12/50 O \C70/rm/m/n/12/97 ^^@ \C70/rm/m/
n/12/6c B \C70/rm/m/n/12/57 : \C70/rm/m/n/12/66 o|\C70/rm/m/n/12/30 ^^B||\C70/r
m/m/n/12/ff ^^H|\OT1/cmr/m/n/12 4|\C70/rm/m/n/12/ff 	| \C70/rm/m/n/12/5c ^^F\OT
1/cmr/m/n/12 Q1\C70/rm/m/n/12/76 Ñ\OT1/cmr/m/n/12 Granger\C70/rm/m/n/12/56 ‡ \C
70/rm/m/n/12/67 ú \C70/rm/m/n/12/7f Q \C70/rm/m/n/12/7e ‹ \C70/rm/m/n/12/4f · \
C70/rm/m/n/12/60 o \C70/rm/m/n/12/4e Â \C70/rm/m/n/12/6b c \C70/rm/m/n/12/52 ^^
Y \C70/rm/m/n/12/53 ^^V \C70/rm/m/n/12/98 y \C70/rm/m/n/12/5f b ^^O \C70/rm/m/n
/12/7e ≥ \C70/rm/m/n/12/51 e\OT1/cmr/m/n/12 Q2\C70/rm/m/n/12/76 Ñ
 []

[19] [20]

Package hyperref Warning: Token not allowed in a PDF string (Unicode):
(hyperref)                \hskip 11.74988pt
(hyperref)                replaced by space on input line 523.

[21] [22] [23] (C:\Users\HUAWEI\Desktop\2023C\paper\main.aux)
 ***********
LaTeX2e <2025-11-01>
L3 programming layer <2026/07/01>
 ***********


LaTeX Warning: Label(s) may have changed. Rerun to get cross-references right.

Package rerunfilecheck Info: File `main.out' has not changed.
(rerunfilecheck)             Checksum: BD5BD8533D7311870FABF5D61B601E48;4881.
 ) 
Here is how much of TeX's memory you used:
 17560 strings out of 467871
 296490 string characters out of 5417892
 717833 words of memory out of 5000000
 45741 multiletter control sequences out of 15000+600000
 693090 words of font info for 279 fonts, out of 8000000 for 9000
 1141 hyphenation exceptions out of 8191
 78i,13n,92p,1061b,582s stack positions out of 10000i,1000n,20000p,200000b,200000s
<C:/WINDOWS/Fonts/simsun.ttc><C:/WINDOWS/Fonts/simsun.ttc><C:/WINDOWS/Fonts/s
imsun.ttc><C:/WINDOWS/Fonts/simhei.ttf><C:/WINDOWS/Fonts/simhei.ttf><C:/WINDOWS
/Fonts/simhei.ttf><C:/WINDOWS/Fonts/simhei.ttf><C:/WINDOWS/Fonts/simhei.ttf><C:
/WINDOWS/Fonts/simhei.ttf><C:/WINDOWS/Fonts/simhei.ttf><C:/WINDOWS/Fonts/simhei
.ttf><C:/WINDOWS/Fonts/simhei.ttf><C:/WINDOWS/Fonts/simhei.ttf><C:/WINDOWS/Font
s/simsun.ttc><C:/WINDOWS/Fonts/simhei.ttf><C:/WINDOWS/Fonts/simhei.ttf><C:/WIND
OWS/Fonts/simhei.ttf><C:/WINDOWS/Fonts/simhei.ttf><C:/WINDOWS/Fonts/simhei.ttf>
<C:/WINDOWS/Fonts/simsun.ttc><C:/WINDOWS/Fonts/simhei.ttf><C:/WINDOWS/Fonts/sim
hei.ttf><C:/WINDOWS/Fonts/simhei.ttf><C:/WINDOWS/Fonts/simhei.ttf><C:/WINDOWS/F
onts/simhei.ttf><C:/WINDOWS/Fonts/simhei.ttf><C:/WINDOWS/Fonts/simhei.ttf><C:/W
INDOWS/Fonts/simhei.ttf><C:/WINDOWS/Fonts/simhei.ttf><C:/WINDOWS/Fonts/simhei.t
tf><C:/WINDOWS/Fonts/simhei.ttf><C:/WINDOWS/Fonts/simhei.ttf><C:/WINDOWS/Fonts/
simhei.ttf><C:/WINDOWS/Fonts/simhei.ttf><C:/WINDOWS/Fonts/simhei.ttf><C:/WINDOW
S/Fonts/simsun.ttc><C:/WINDOWS/Fonts/simsun.ttc><C:/WINDOWS/Fonts/simhei.ttf><C
:/WINDOWS/Fonts/simhei.ttf><C:/WINDOWS/Fonts/simhei.ttf><C:/WINDOWS/Fonts/simhe
i.ttf><C:/WINDOWS/Fonts/simsun.ttc><C:/WINDOWS/Fonts/simsun.ttc><C:/WINDOWS/Fon
ts/simhei.ttf><C:/WINDOWS/Fonts/simhei.ttf><C:/WINDOWS/Fonts/simhei.ttf><C:/WIN
DOWS/Fonts/simhei.ttf><C:/WINDOWS/Fonts/simhei.ttf><C:/WINDOWS/Fonts/simhei.ttf
><C:/WINDOWS/Fonts/simsun.ttc><C:/WINDOWS/Fonts/simhei.ttf><C:/WINDOWS/Fonts/si
mhei.ttf><C:/WINDOWS/Fonts/simhei.ttf><C:/WINDOWS/Fonts/simhei.ttf><C:/WINDOWS/
Fonts/simhei.ttf><C:/WINDOWS/Fonts/simhei.ttf><C:/WINDOWS/Fonts/simhei.ttf><C:/
WINDOWS/Fonts/simsun.ttc><C:/WINDOWS/Fonts/simsun.ttc><C:/WINDOWS/Fonts/simsun.
ttc><C:/WINDOWS/Fonts/simsun.ttc><C:/WINDOWS/Fonts/simsun.ttc><C:/WINDOWS/Fonts
/simsun.ttc><C:/WINDOWS/Fonts/simsun.ttc><C:/WINDOWS/Fonts/simsun.ttc><C:/WINDO
WS/Fonts/simsun.ttc><C:/WINDOWS/Fonts/simsun.ttc><C:/WINDOWS/Fonts/simsun.ttc><
C:/WINDOWS/Fonts/simsun.ttc><C:/WINDOWS/Fonts/simsun.ttc><C:/WINDOWS/Fonts/sims
un.ttc><C:/WINDOWS/Fonts/simsun.ttc><C:/WINDOWS/Fonts/simsun.ttc><C:/WINDOWS/Fo
nts/simsun.ttc><C:/WINDOWS/Fonts/simsun.ttc><C:/WINDOWS/Fonts/simsun.ttc><C:/WI
NDOWS/Fonts/simsun.ttc><C:/WINDOWS/Fonts/simsun.ttc><C:/WINDOWS/Fonts/simsun.tt
c><C:/WINDOWS/Fonts/simsun.ttc><C:/WINDOWS/Fonts/simsun.ttc><C:/WINDOWS/Fonts/s
imsun.ttc><C:/WINDOWS/Fonts/simsun.ttc><C:/WINDOWS/Fonts/simsun.ttc><C:/WINDOWS
/Fonts/simsun.ttc><C:/WINDOWS/Fonts/simsun.ttc><C:/WINDOWS/Fonts/simsun.ttc><C:
/WINDOWS/Fonts/simsun.ttc><C:/WINDOWS/Fonts/simsun.ttc><C:/WINDOWS/Fonts/simsun
.ttc><C:/WINDOWS/Fonts/simsun.ttc><C:/WINDOWS/Fonts/simsun.ttc><C:/WINDOWS/Font
s/simsun.ttc><C:/WINDOWS/Fonts/simsun.ttc><C:/WINDOWS/Fonts/simsun.ttc><C:/WIND
OWS/Fonts/simsun.ttc><C:/WINDOWS/Fonts/simsun.ttc><C:/WINDOWS/Fonts/simsun.ttc>
<C:/WINDOWS/Fonts/simsun.ttc><C:/WINDOWS/Fonts/simsun.ttc><C:/WINDOWS/Fonts/sim
sun.ttc><C:/WINDOWS/Fonts/simsun.ttc><C:/WINDOWS/Fonts/simsun.ttc><C:/WINDOWS/F
onts/simsun.ttc><C:/WINDOWS/Fonts/simsun.ttc><C:/WINDOWS/Fonts/simsun.ttc><C:/W
INDOWS/Fonts/simsun.ttc><C:/WINDOWS/Fonts/simsun.ttc><C:/WINDOWS/Fonts/simsun.t
tc><C:/WINDOWS/Fonts/simsun.ttc><C:/WINDOWS/Fonts/simsun.ttc><C:/WINDOWS/Fonts/
simsun.ttc><C:/WINDOWS/Fonts/simsun.ttc><C:/WINDOWS/Fonts/simsun.ttc><C:/WINDOW
S/Fonts/simsun.ttc><C:/WINDOWS/Fonts/simsun.ttc><C:/WINDOWS/Fonts/simsun.ttc><C
:/WINDOWS/Fonts/simsun.ttc><C:/WINDOWS/Fonts/simsun.ttc><C:/WINDOWS/Fonts/simsu
n.ttc><C:/WINDOWS/Fonts/simsun.ttc><C:/WINDOWS/Fonts/simsun.ttc><C:/WINDOWS/Fon
ts/simsun.ttc><C:/WINDOWS/Fonts/simsun.ttc><C:/WINDOWS/Fonts/simsun.ttc><C:/WIN
DOWS/Fonts/simhei.ttf><C:/WINDOWS/Fonts/simhei.ttf><C:/WINDOWS/Fonts/simhei.ttf
><C:/WINDOWS/Fonts/simhei.ttf><C:/WINDOWS/Fonts/simhei.ttf><C:/WINDOWS/Fonts/si
mhei.ttf><C:/WINDOWS/Fonts/simhei.ttf><C:/WINDOWS/Fonts/simhei.ttf><C:/WINDOWS/
Fonts/simhei.ttf><C:/WINDOWS/Fonts/simhei.ttf><C:/WINDOWS/Fonts/simhei.ttf><C:/
WINDOWS/Fonts/simhei.ttf><C:/WINDOWS/Fonts/simhei.ttf><C:/WINDOWS/Fonts/simhei.
ttf><C:/WINDOWS/Fonts/simhei.ttf><C:/Users/HUAWEI/AppData/Local/Programs/MiKTeX
/fonts/type1/public/amsfonts/cm/cmbx12.pfb><C:/Users/HUAWEI/AppData/Local/Progr
ams/MiKTeX/fonts/type1/public/amsfonts/cm/cmex10.pfb><C:/Users/HUAWEI/AppData/L
ocal/Programs/MiKTeX/fonts/type1/public/amsfonts/cm/cmmi12.pfb><C:/Users/HUAWEI
/AppData/Local/Programs/MiKTeX/fonts/type1/public/amsfonts/cm/cmmi6.pfb><C:/Use
rs/HUAWEI/AppData/Local/Programs/MiKTeX/fonts/type1/public/amsfonts/cm/cmmi8.pf
b><C:/Users/HUAWEI/AppData/Local/Programs/MiKTeX/fonts/type1/public/amsfonts/cm
/cmr12.pfb><C:/Users/HUAWEI/AppData/Local/Programs/MiKTeX/fonts/type1/public/am
sfonts/cm/cmr6.pfb><C:/Users/HUAWEI/AppData/Local/Programs/MiKTeX/fonts/type1/p
ublic/amsfonts/cm/cmr8.pfb><C:/Users/HUAWEI/AppData/Local/Programs/MiKTeX/fonts
/type1/public/amsfonts/cm/cmsy10.pfb><C:/Users/HUAWEI/AppData/Local/Programs/Mi
KTeX/fonts/type1/public/amsfonts/cm/cmsy8.pfb><C:/Users/HUAWEI/AppData/Local/Pr
ograms/MiKTeX/fonts/type1/public/amsfonts/cm/cmtt12.pfb><C:/Users/HUAWEI/AppDat
a/Local/Programs/MiKTeX/fonts/type1/public/amsfonts/symbols/msbm10.pfb>
Output written on C:\Users\HUAWEI\Desktop\2023C\paper\main.pdf (23 pages, 16558
47 bytes).
PDF statistics:
 1024 PDF objects out of 1200 (max. 8388607)
 102 named destinations out of 1000 (max. 500000)
 623 words of extra memory for PDF output out of 10000 (max. 10000000)

