\BOOKMARK [1][-]{section*.1}{\376\377\144\130\211\201}{}% 1
\BOOKMARK [1][-]{section.1}{\376\377\225\356\230\230\221\315\217\360}{}% 2
\BOOKMARK [2][-]{subsection.1.1}{\376\377\200\314\146\157}{section.1}% 3
\BOOKMARK [2][-]{subsection.1.2}{\376\377\225\356\230\230\143\317\217\360}{section.1}% 4
\BOOKMARK [1][-]{section.2}{\376\377\225\356\230\230\122\006\147\220}{}% 5
\BOOKMARK [2][-]{subsection.2.1}{\376\377\225\356\230\230\116\000\122\006\147\220}{section.2}% 6
\BOOKMARK [2][-]{subsection.2.2}{\376\377\225\356\230\230\116\214\122\006\147\220}{section.2}% 7
\BOOKMARK [2][-]{subsection.2.3}{\376\377\225\356\230\230\116\011\122\006\147\220}{section.2}% 8
\BOOKMARK [2][-]{subsection.2.4}{\376\377\225\356\230\230\126\333\122\006\147\220}{section.2}% 9
\BOOKMARK [1][-]{section.3}{\376\377\145\160\143\156\230\204\131\004\164\006}{}% 10
\BOOKMARK [2][-]{subsection.3.1}{\376\377\145\160\143\156\147\145\156\220\116\016\176\323\147\204}{section.3}% 11
\BOOKMARK [2][-]{subsection.3.2}{\376\377\145\160\143\156\156\005\155\027}{section.3}% 12
\BOOKMARK [2][-]{subsection.3.3}{\376\377\127\372\147\054\176\337\213\241\162\171\137\201}{section.3}% 13
\BOOKMARK [1][-]{section.4}{\376\377\225\356\230\230\116\000\377\014\205\054\203\334\124\301\174\173\123\312\123\125\124\301\225\000\125\056\122\006\136\003\211\304\137\213\116\016\166\370\116\222\121\163\174\373}{}% 14
\BOOKMARK [2][-]{subsection.4.1}{\376\377\124\301\174\173\134\102\377\014\123\273\215\213\122\277\121\163\200\124\122\006\147\220}{section.4}% 15
\BOOKMARK [3][-]{subsubsection.4.1.1}{\376\377\145\366\225\364\136\217\122\027\122\006\211\343}{subsection.4.1}% 16
\BOOKMARK [3][-]{subsubsection.4.1.2}{\376\377\000S\000p\000e\000a\000r\000m\000a\000n\000\040\153\213\135\356\166\370\121\163}{subsection.4.1}% 17
\BOOKMARK [2][-]{subsection.4.2}{\376\377\124\301\174\173\134\102\377\014\000G\000r\000a\000n\000g\000e\000r\000\040\126\340\147\234\177\121\176\334}{section.4}% 18
\BOOKMARK [2][-]{subsection.4.3}{\376\377\123\125\124\301\134\102\377\014\225\000\221\317\122\006\136\003\116\016\200\132\174\173}{section.4}% 19
\BOOKMARK [3][-]{subsubsection.4.3.1}{\376\377\225\000\221\317\226\306\116\055\136\246\122\006\147\220}{subsection.4.3}% 20
\BOOKMARK [3][-]{subsubsection.4.3.2}{\376\377\000D\000T\000W\000\040\137\142\162\266\200\132\174\173}{subsection.4.3}% 21
\BOOKMARK [2][-]{subsection.4.4}{\376\377\116\016\145\207\163\056\166\204\133\371\153\324}{section.4}% 22
\BOOKMARK [1][-]{section.5}{\376\377\225\356\230\230\116\214\377\014\124\301\174\173\176\247\210\145\215\047\116\016\133\232\116\367\117\030\123\026}{}% 23
\BOOKMARK [2][-]{subsection.5.1}{\376\377\227\000\154\102\116\367\150\074\137\071\140\047\166\204\117\060\213\241}{section.5}% 24
\BOOKMARK [2][-]{subsection.5.2}{\376\377\230\204\155\113\147\052\147\145\116\000\124\150\227\000\154\102\124\214\142\171\123\321\116\367}{section.5}% 25
\BOOKMARK [2][-]{subsection.5.3}{\376\377\142\245\172\345\152\041\127\213}{section.5}% 26
\BOOKMARK [3][-]{subsubsection.5.3.1}{\376\377\117\030\123\026\225\356\230\230}{subsection.5.3}% 27
\BOOKMARK [3][-]{subsubsection.5.3.2}{\376\377\121\163\225\056\153\324\124\214\147\000\117\030\210\145\215\047\221\317}{subsection.5.3}% 28
\BOOKMARK [3][-]{subsubsection.5.3.3}{\376\377\147\037\147\033\122\051\155\246}{subsection.5.3}% 29
\BOOKMARK [2][-]{subsection.5.4}{\376\377\117\030\123\026\176\323\147\234}{section.5}% 30
\BOOKMARK [2][-]{subsection.5.5}{\376\377\127\372\176\277\145\271\154\325\133\371\153\324}{section.5}% 31
\BOOKMARK [2][-]{subsection.5.6}{\376\377\145\117\141\037\140\047\133\236\232\214}{section.5}% 32
\BOOKMARK [2][-]{subsection.5.7}{\376\377\147\054\202\202\134\100\226\120}{section.5}% 33
\BOOKMARK [1][-]{section.6}{\376\377\225\356\230\230\116\011\377\014\123\125\124\301\220\011\142\351\116\016\133\232\116\367\117\030\123\026}{}% 34
\BOOKMARK [2][-]{subsection.6.1}{\376\377\120\031\220\011\123\125\124\301\154\140}{section.6}% 35
\BOOKMARK [2][-]{subsection.6.2}{\376\377\123\314\134\102\211\304\122\022}{section.6}% 36
\BOOKMARK [3][-]{subsubsection.6.2.1}{\376\377\116\012\134\102\377\014\124\301\174\173\221\115\230\235}{subsection.6.2}% 37
\BOOKMARK [3][-]{subsubsection.6.2.2}{\376\377\116\013\134\102\377\014\123\125\124\301\213\304\122\006\116\016\220\011\124\301}{subsection.6.2}% 38
\BOOKMARK [3][-]{subsubsection.6.2.3}{\376\377\123\125\124\301\147\000\117\030\133\232\116\367}{subsection.6.2}% 39
\BOOKMARK [2][-]{subsection.6.3}{\376\377\117\030\123\026\176\323\147\234}{section.6}% 40
\BOOKMARK [2][-]{subsection.6.4}{\376\377\147\054\202\202\121\163\225\056\134\100\226\120}{section.6}% 41
\BOOKMARK [1][-]{section.7}{\376\377\225\356\230\230\126\333\377\014\145\160\143\156\221\307\226\306\136\372\213\256}{}% 42
\BOOKMARK [2][-]{subsection.7.1}{\376\377\136\372\213\256\116\000\377\014\122\051\165\050\135\362\147\011\142\153\170\001\145\366\225\364\142\063\117\030\123\026\227\000\154\102\145\271\135\356\117\060\213\241}{section.7}% 43
\BOOKMARK [2][-]{subsection.7.2}{\376\377\136\372\213\256\116\214\377\014\123\125\124\301\176\247\116\367\150\074\137\071\140\047\133\236\232\214}{section.7}% 44
\BOOKMARK [2][-]{subsection.7.3}{\376\377\136\372\213\256\116\011\377\014\154\024\214\141\116\016\202\202\120\107\145\345\150\007\133\232}{section.7}% 45
\BOOKMARK [2][-]{subsection.7.4}{\376\377\136\372\213\256\126\333\377\014\226\110\122\027\172\172\225\364\116\016\172\336\116\211\116\367\150\074\145\160\143\156}{section.7}% 46
\BOOKMARK [2][-]{subsection.7.5}{\376\377\117\030\121\110\176\247\143\222\136\217}{section.7}% 47
\BOOKMARK [1][-]{section.8}{\376\377\152\041\127\213\213\304\116\367\116\016\143\250\136\177}{}% 48
\BOOKMARK [2][-]{subsection.8.1}{\376\377\152\041\127\213\117\030\160\271}{section.8}% 49
\BOOKMARK [2][-]{subsection.8.2}{\376\377\152\041\127\213\134\100\226\120\140\047}{section.8}% 50
\BOOKMARK [2][-]{subsection.8.3}{\376\377\152\041\127\213\143\250\136\177}{section.8}% 51
\BOOKMARK [1][-]{section.9}{\376\377\123\302\200\003\145\207\163\056}{}% 52
